INFO:  quals parameter: <node name="NullTest"><params><param name="nulltesttype" value="IS_NULL"/><param name="argisrow" value="f"/></params><children><node name="Var" value=""><params><param name="varno" value="1"/><param name="varattno" value="1"/><param name="vartype" value="25"/><param name="vartypmod" value="-1"/><param name="varcollid" value="100"/><param name="varlevelsup" value="0"/><param name="varnoold" value="1"/><param name="varoattno" value="1"/><param name="location" value="33"/></params></node></children></node>
