INFO:  quals parameter: {"name":"BoolExpr","params":["boolop":"OR","location":"-1"],"children":[{"name":"BoolExpr","params":["boolop":"AND","location":"-1"],"children":[{"name":"OpExpr","params":["opno":"98","opfuncid":"67","opresulttype":"16","opretset":"f","opcollid":"0","inputcollid":"100","location":"38"],"children":[{"name":"Var","params":["varno":"1","varattno":"1","vartype":"25","vartypmod":"-1","varcollid":"100","varlevelsup":"0","varnoold":"1","varoattno":"1","location":"33"],"value":""},{"name":"Const","params":[],"value":"TITLE"}]},{"name":"OpExpr","params":["opno":"98","opfuncid":"67","opresulttype":"16","opretset":"f","opcollid":"0","inputcollid":"100","location":"55"],"children":[{"name":"Var","params":["varno":"1","varattno":"2","vartype":"25","vartypmod":"-1","varcollid":"100","varlevelsup":"0","varnoold":"1","varoattno":"2","location":"51"],"value":""},{"name":"Const","params":[],"value":"LINK"}]}]},{"name":"OpExpr","params":["opno":"531","opfuncid":"157","opresulttype":"16","opretset":"f","opcollid":"0","inputcollid":"100","location":"92"],"children":[{"name":"FuncExpr","params":["funcid":"936","funcresulttype":"25","funcretset":"f","funccollid":"100","inputcollid":"100","location":"70"],"children":[{"name":"Var","params":["varno":"1","varattno":"3","vartype":"25","vartypmod":"-1","varcollid":"100","varlevelsup":"0","varnoold":"1","varoattno":"3","location":"80"],"value":""},{"name":"Const","params":[],"value":"2"},{"name":"Const","params":[],"value":"5"}]},{"name":"Const","params":[],"value":"NIPPE"}]}]}
